// Jest Snapshot v1, https://goo.gl/fbAQLP

exports[`BlinkingDot applies custom className 1`] = `
<span
  className="blinking-dot "
/>
`;

exports[`BlinkingDot applies custom size 1`] = `
<span
  className="blinking-dot "
/>
`;

exports[`BlinkingDot renders blinking dot when active 1`] = `
<span
  className="blinking-dot "
/>
`;

exports[`BlinkingDot renders inactive dot when not active 1`] = `
<span
  className="blinking-dot "
/>
`;
