// Jest Snapshot v1, https://goo.gl/fbAQLP

exports[`EmptyState should render the component 1`] = `
<div
  className="empty-state"
>
  <div
    className="starter-messages-container"
  >
    <button
      className="ui button starter-message"
      onClick={[Function]}
      onKeyDown={[Function]}
      role="button"
      tabIndex={-1}
    >
      <span
        className="starter-message-title"
      >
        Curabitur at lacus ac velit
      </span>
    </button>
  </div>
</div>
`;
